// Vitest Snapshot v1, https://vitest.dev/guide/snapshot.html

exports[`<My counter/>  > should match snapshot 1`] = `
"<seccion data-v-0352012b="">
  <h3 data-v-0352012b="">Counter : 10</h3>
  <h3 data-v-0352012b="" data-testid="square-label">Square : 100</h3>
  <div data-v-0352012b=""><button data-v-0352012b="" class="btn">+1</button><button data-v-0352012b="" data-testid="btnDecrement" class="btn">-1</button></div>
</seccion>"
`;
